Determine revision date.................................................... OK
Picked up JAVA_TOOL_OPTIONS: -Dfile.encoding=UTF8 -Duser.language=en-US -Duser.country=US -Duser.language=en
[INFO ] fr.inria.astor.core.setup.ProjectConfiguration.getVersionJDK(ProjectConfiguration.java:282) - Version of the JVM used: 1.7.0_181
[INFO ] fr.inria.main.AbstractMain.processArguments(AbstractMain.java:384) - Java version of the JDK used to run tests: 1.7.0_181
[INFO ] fr.inria.main.AbstractMain.processArguments(AbstractMain.java:385) - The compliance of the JVM is:  7
[INFO ] fr.inria.main.AbstractMain.processArguments(AbstractMain.java:663) - command line arguments: [-mode  jgenprog  -location  .  -id  Math-8  -failing  org.apache.commons.math3.distribution.DiscreteRealDistributionTest  -jvm4testexecution  /usr/lib/jvm/java-1.7.0-openjdk-amd64/bin/  -jvm4evosuitetestexecution  /usr/lib/jvm/java-1.7.0-openjdk-amd64/bin/  -maxgen  1000000  -maxtime  120  -stopfirst  true  -seed  0  -scope  local  -population  1  -javacompliancelevel  5  -srcjavafolder  src/main/java/  -srctestfolder  src/test/java/  -binjavafolder  target/classes/  -bintestfolder  target/test-classes/  -parameters  mode:leven:autocompile:true  -dependencies  /script/jGenProg_Defects4J_Math_8/target/classes/:/script/jGenProg_Defects4J_Math_8/target/test-classes/:/defects4j/framework/projects/lib/junit-4.11.jar]
[INFO ] fr.inria.main.evolution.AstorMain.execute(AstorMain.java:228) - Running Astor on a JDK at /usr/lib/jvm/java-8-openjdk-amd64/jre
[INFO ] fr.inria.main.AbstractMain.determineSourceFolders(AbstractMain.java:975) - Source folders: [/script/jGenProg_Defects4J_Math_8/./src/main/java]
[INFO ] fr.inria.main.AbstractMain.determineSourceFolders(AbstractMain.java:994) - Source Test folders: [/script/jGenProg_Defects4J_Math_8/./src/test/java]
[INFO ] fr.inria.main.AbstractMain.compileProject(AbstractMain.java:865) - Compiling original code from [/script/jGenProg_Defects4J_Math_8/src/main/java/org/apache/commons/math3/analysis/integration, /script/jGenProg_Defects4J_Math_8/src/test/java/org/apache/commons/math3/genetics, /script/jGenProg_Defects4J_Math_8/src/test/java/org/apache/commons/math3/analysis/interpolation, /script/jGenProg_Defects4J_Math_8/src/test/java/org/apache/commons/math3/fitting, /script/jGenProg_Defects4J_Math_8/src/test/java/org/apache/commons/math3/stat/correlation, /script/jGenProg_Defects4J_Math_8/src/test/java/org/apache/commons/math3/optim/nonlinear/vector, /script/jGenProg_Defects4J_Math_8/src/test/java/org/apache/commons/math3/ode/events, /script/jGenProg_Defects4J_Math_8/src/test/java/org/apache/commons/math3/geometry/partitioning/utilities, /script/jGenProg_Defects4J_Math_8/src/test/java/org/apache/commons/math3/distribution, /script/jGenProg_Defects4J_Math_8/src/test/java/org/apache/commons/math3/stat/descriptive/rank, /script/jGenProg_Defects4J_Math_8/src/test/java/org/apache/commons/math3/stat, /script/jGenProg_Defects4J_Math_8/src/main/java/org/apache/commons/math3/ode/events, /script/jGenProg_Defects4J_Math_8/src/main/java/org/apache/commons/math3/analysis/function, /script/jGenProg_Defects4J_Math_8/src/main/java/org/apache/commons/math3/filter, /script/jGenProg_Defects4J_Math_8/src/main/java/org/apache/commons/math3/ode/nonstiff, /script/jGenProg_Defects4J_Math_8/src/main/java/org/apache/commons/math3/analysis/interpolation, /script/jGenProg_Defects4J_Math_8/src/main/java/org/apache/commons/math3/optim/linear, /script/jGenProg_Defects4J_Math_8/src/test/java/org/apache/commons/math3/optimization, /script/jGenProg_Defects4J_Math_8/src/main/java/org/apache/commons/math3/stat/regression, /script/jGenProg_Defects4J_Math_8/src/test/java/org/apache/commons/math3/stat/descriptive/moment, /script/jGenProg_Defects4J_Math_8/src/main/java/org/apache/commons/math3/optim/nonlinear/scalar/gradient, /script/jGenProg_Defects4J_Math_8/src/main/java/org/apache/commons/math3/optimization/univariate, /script/jGenProg_Defects4J_Math_8/src/test/java/org/apache/commons/math3/optimization/general, /script/jGenProg_Defects4J_Math_8/src/main/java/org/apache/commons/math3/stat/ranking, /script/jGenProg_Defects4J_Math_8/src/main/java/org/apache/commons/math3/geometry/partitioning, /script/jGenProg_Defects4J_Math_8/src/main/java/org/apache/commons/math3/genetics, /script/jGenProg_Defects4J_Math_8/src/main/java/org/apache/commons/math3, /script/jGenProg_Defects4J_Math_8/src/main/java/org/apache/commons/math3/stat/descriptive/summary, /script/jGenProg_Defects4J_Math_8/src/test/java/org/apache/commons/math3/analysis/solvers, /script/jGenProg_Defects4J_Math_8/src/test/java/org/apache/commons/math3/analysis/differentiation, /script/jGenProg_Defects4J_Math_8/src/test/java/org/apache/commons/math3/optim, /script/jGenProg_Defects4J_Math_8/src/test/java/org/apache/commons/math3/geometry/euclidean/threed, /script/jGenProg_Defects4J_Math_8/src/main/java/org/apache/commons/math3/optim, /script/jGenProg_Defects4J_Math_8/src/main/java/org/apache/commons/math3/analysis, /script/jGenProg_Defects4J_Math_8/src/test/java/org/apache/commons/math3/fraction, /script/jGenProg_Defects4J_Math_8/src/test/java/org/apache/commons/math3/ode/nonstiff, /script/jGenProg_Defects4J_Math_8/src/main/java/org/apache/commons/math3/special, /script/jGenProg_Defects4J_Math_8/src/main/java/org/apache/commons/math3/optim/nonlinear/vector/jacobian, /script/jGenProg_Defects4J_Math_8/src/test/java/org/apache/commons/math3/analysis/polynomials, /script/jGenProg_Defects4J_Math_8/src/test/java/org/apache/commons/math3/analysis/integration, /script/jGenProg_Defects4J_Math_8/src/main/java/org/apache/commons/math3/ode/sampling, /script/jGenProg_Defects4J_Math_8/src/test/java/org/apache/commons/math3/transform, /script/jGenProg_Defects4J_Math_8/src/test/java/org/apache/commons/math3/complex, /script/jGenProg_Defects4J_Math_8/src/main/java/org/apache/commons/math3/optim/nonlinear/scalar, /script/jGenProg_Defects4J_Math_8/src/test/java/org/apache/commons/math3/stat/inference, /script/jGenProg_Defects4J_Math_8/src/main/java/org/apache/commons/math3/fitting, /script/jGenProg_Defects4J_Math_8/src/test/java/org/apache/commons/math3/geometry/euclidean/oned, /script/jGenProg_Defects4J_Math_8/src/main/java/org/apache/commons/math3/stat, /script/jGenProg_Defects4J_Math_8/src/test/java/org/apache/commons/math3/stat/regression, /script/jGenProg_Defects4J_Math_8/src/main/java/org/apache/commons/math3/geometry/partitioning/utilities/doc-files, /script/jGenProg_Defects4J_Math_8/src/test/java/org/apache/commons/math3/stat/data, /script/jGenProg_Defects4J_Math_8/src/test/java/org/apache/commons/math3/stat/clustering, /script/jGenProg_Defects4J_Math_8/src/main/java/org/apache/commons/math3/geometry/euclidean/oned, /script/jGenProg_Defects4J_Math_8/src/test/java/org/apache/commons/math3/analysis/integration/gauss, /script/jGenProg_Defects4J_Math_8/src/main/java/org/apache/commons/math3/optimization/fitting, /script/jGenProg_Defects4J_Math_8/src/main/java/org/apache/commons/math3/stat/correlation, /script/jGenProg_Defects4J_Math_8/src/main/java/org/apache/commons/math3/fraction, /script/jGenProg_Defects4J_Math_8/src/test/java/org/apache/commons/math3/linear, /script/jGenProg_Defects4J_Math_8/src/main/java/org/apache/commons/math3/transform, /script/jGenProg_Defects4J_Math_8/src/main/java/org/apache/commons/math3/geometry/euclidean/twod, /script/jGenProg_Defects4J_Math_8/src/main/java/org/apache/commons/math3/optimization/general, /script/jGenProg_Defects4J_Math_8/src/test/java/org/apache/commons/math3/ode, /script/jGenProg_Defects4J_Math_8/src/test/java/org/apache/commons/math3/optim/nonlinear/scalar/gradient, /script/jGenProg_Defects4J_Math_8/src/test/java/org/apache/commons/math3/dfp, /script/jGenProg_Defects4J_Math_8/src/test/java/org/apache/commons/math3/optim/linear, /script/jGenProg_Defects4J_Math_8/src/test/java/org/apache/commons/math3/special, /script/jGenProg_Defects4J_Math_8/src/test/java/org/apache/commons/math3/stat/descriptive/summary, /script/jGenProg_Defects4J_Math_8/src/main/java/org/apache/commons/math3/analysis/differentiation, /script/jGenProg_Defects4J_Math_8/src/main/java/org/apache/commons/math3/analysis/polynomials, /script/jGenProg_Defects4J_Math_8/src/main/java/org/apache/commons/math3/optim/nonlinear/scalar/noderiv, /script/jGenProg_Defects4J_Math_8/src/main/java/org/apache/commons/math3/random, /script/jGenProg_Defects4J_Math_8/src/test/java/org/apache/commons/math3/exception, /script/jGenProg_Defects4J_Math_8/src/main/java/org/apache/commons/math3/geometry/euclidean/threed, /script/jGenProg_Defects4J_Math_8/src/main/java/org/apache/commons/math3/complex, /script/jGenProg_Defects4J_Math_8/src/main/java/org/apache/commons/math3/distribution, /script/jGenProg_Defects4J_Math_8/src/test/java/org/apache/commons/math3/random, /script/jGenProg_Defects4J_Math_8/src/main/java/org/apache/commons/math3/stat/descriptive, /script/jGenProg_Defects4J_Math_8/src/main/java/org/apache/commons/math3/util, /script/jGenProg_Defects4J_Math_8/src/test/java/org/apache/commons/math3/geometry/euclidean/twod, /script/jGenProg_Defects4J_Math_8/src/main/java/org/apache/commons/math3/optim/univariate, /script/jGenProg_Defects4J_Math_8/src/main/java/org/apache/commons/math3/linear, /script/jGenProg_Defects4J_Math_8/src/main/java/org/apache/commons/math3/stat/descriptive/moment, /script/jGenProg_Defects4J_Math_8/src/main/java/org/apache/commons/math3/stat/inference, /script/jGenProg_Defects4J_Math_8/src/main/java/org/apache/commons/math3/exception/util, /script/jGenProg_Defects4J_Math_8/src/main/java/org/apache/commons/math3/analysis/integration/gauss, /script/jGenProg_Defects4J_Math_8/src/test/java/org/apache/commons/math3/optimization/linear, /script/jGenProg_Defects4J_Math_8/src/main/java/org/apache/commons/math3/optimization, /script/jGenProg_Defects4J_Math_8/src/test/java/org/apache/commons/math3/analysis, /script/jGenProg_Defects4J_Math_8/src/main/java/org/apache/commons/math3/optimization/linear, /script/jGenProg_Defects4J_Math_8/src/test/java/org/apache/commons/math3/optimization/univariate, /script/jGenProg_Defects4J_Math_8/src/main/java/org/apache/commons/math3/analysis/solvers, /script/jGenProg_Defects4J_Math_8/src/test/java/org/apache/commons/math3/optim/nonlinear/vector/jacobian, /script/jGenProg_Defects4J_Math_8/src/main/java/org/apache/commons/math3/exception, /script/jGenProg_Defects4J_Math_8/src/test/java/org/apache/commons/math3, /script/jGenProg_Defects4J_Math_8/src/test/java/org/apache/commons/math3/stat/ranking, /script/jGenProg_Defects4J_Math_8/src/test/java/org/apache/commons/math3/optim/nonlinear/scalar, /script/jGenProg_Defects4J_Math_8/src/main/java/org/apache/commons/math3/dfp, /script/jGenProg_Defects4J_Math_8/src/main/java/org/apache/commons/math3/ode, /script/jGenProg_Defects4J_Math_8/src/main/java/org/apache/commons/math3/stat/clustering, /script/jGenProg_Defects4J_Math_8/src/test/java/org/apache/commons/math3/optimization/fitting, /script/jGenProg_Defects4J_Math_8/src/main/java/org/apache/commons/math3/geometry/partitioning/utilities, /script/jGenProg_Defects4J_Math_8/src/test/java/org/apache/commons/math3/stat/descriptive, /script/jGenProg_Defects4J_Math_8/src/test/java/org/apache/commons/math3/filter, /script/jGenProg_Defects4J_Math_8/src/test/java/org/apache/commons/math3/optimization/direct, /script/jGenProg_Defects4J_Math_8/src/test/java/org/apache/commons/math3/ode/sampling, /script/jGenProg_Defects4J_Math_8/src/test/java/org/apache/commons/math3/optim/univariate, /script/jGenProg_Defects4J_Math_8/src/main/java/org/apache/commons/math3/optimization/direct, /script/jGenProg_Defects4J_Math_8/src/main/java/org/apache/commons/math3/geometry, /script/jGenProg_Defects4J_Math_8/src/main/java/org/apache/commons/math3/optim/nonlinear/vector, /script/jGenProg_Defects4J_Math_8/src/test/java/org/apache/commons/math3/analysis/function, /script/jGenProg_Defects4J_Math_8/src/main/java/org/apache/commons/math3/stat/descriptive/rank, /script/jGenProg_Defects4J_Math_8/src/test/java/org/apache/commons/math3/util, /script/jGenProg_Defects4J_Math_8/src/test/java/org/apache/commons/math3/optim/nonlinear/scalar/noderiv, /script/jGenProg_Defects4J_Math_8/src/test/java/org/apache/commons/math3/exception/util]
 bytecode saved in /script/jGenProg_Defects4J_Math_8/./output_astor/AstorMain-Math-8/bin/default
[INFO ] fr.inria.main.evolution.AstorMain.createEngine(AstorMain.java:105) - mode is Leven
[INFO ] fr.inria.astor.core.faultlocalization.gzoltar.GZoltarFaultLocalization.calculateSuspicious(GZoltarFaultLocalization.java:74) - -Executing Gzoltar classpath: /script/jGenProg_Defects4J_Math_8/./output_astor/AstorMain-Math-8//bin//default from 774 classes with test cases
[INFO ] fr.inria.astor.core.faultlocalization.gzoltar.GZoltarFaultLocalization.searchSuspicious(GZoltarFaultLocalization.java:154) - Gzoltar fault localization: min susp value parameter: 0.1
[INFO ] fr.inria.astor.core.faultlocalization.gzoltar.GZoltarFaultLocalization.searchSuspicious(GZoltarFaultLocalization.java:174) - -gz-Adding classpath: [/script/jGenProg_Defects4J_Math_8/./output_astor/AstorMain-Math-8//bin//default, /script/jGenProg_Defects4J_Math_8/target/classes/, /script/jGenProg_Defects4J_Math_8/target/test-classes/, /defects4j/framework/projects/lib/junit-4.11.jar]
[INFO ] fr.inria.astor.core.faultlocalization.gzoltar.GZoltarFaultLocalization.searchSuspicious(GZoltarFaultLocalization.java:214) - Test failt: org.apache.commons.math3.util.FastMathTest#checkMissingFastMathClasses
[INFO ] fr.inria.astor.core.faultlocalization.gzoltar.GZoltarFaultLocalization.searchSuspicious(GZoltarFaultLocalization.java:214) - Test failt: org.apache.commons.math3.distribution.DiscreteRealDistributionTest#testIssue942
[INFO ] fr.inria.astor.core.faultlocalization.gzoltar.GZoltarFaultLocalization.searchSuspicious(GZoltarFaultLocalization.java:226) - Gzoltar Test Result Total:4850, fails: 2, GZoltar suspicious 36261, with positive susp 148
[INFO ] fr.inria.astor.core.faultlocalization.gzoltar.GZoltarFaultLocalization.searchSuspicious(GZoltarFaultLocalization.java:234) - nr test results 4850
[INFO ] fr.inria.astor.core.faultlocalization.gzoltar.GZoltarFaultLocalization.searchSuspicious(GZoltarFaultLocalization.java:289) - Gzoltar found: 24 with susp > 0.1, we consider: 24
[INFO ] fr.inria.astor.core.solutionsearch.AstorCoreEngine.calculateSuspicious(AstorCoreEngine.java:955) - Setting up the max to 9077820 milliseconds (9077 sec)
[INFO ] fr.inria.astor.core.solutionsearch.AstorCoreEngine.initPopulation(AstorCoreEngine.java:709) -
---- Creating spoon model
[INFO ] fr.inria.astor.core.solutionsearch.AstorCoreEngine.initModel(AstorCoreEngine.java:801) - Creating model,  Code location from working folder: /script/jGenProg_Defects4J_Math_8/./src/main/java
[INFO ] fr.inria.astor.core.manipulation.MutationSupporter.buildModel(MutationSupporter.java:66) - building model: /script/jGenProg_Defects4J_Math_8/./src/main/java, compliance level: 5
[INFO ] fr.inria.astor.core.manipulation.MutationSupporter.buildModel(MutationSupporter.java:80) - Classpath (Dependencies) for building SpoonModel: [/script/jGenProg_Defects4J_Math_8/target/classes/, /script/jGenProg_Defects4J_Math_8/target/test-classes/, /defects4j/framework/projects/lib/junit-4.11.jar]
[INFO ] fr.inria.astor.core.solutionsearch.AstorCoreEngine.initModel(AstorCoreEngine.java:836) - Number of CtTypes created: 704
[INFO ] fr.inria.astor.core.solutionsearch.AstorCoreEngine.initPopulation(AstorCoreEngine.java:713) -
---- Initial suspicious size: 24
[INFO ] fr.inria.astor.core.solutionsearch.population.ProgramVariantFactory.createProgramInstance(ProgramVariantFactory.java:134) - Total suspicious from FL: 24,  24
[INFO ] fr.inria.astor.core.solutionsearch.population.ProgramVariantFactory.createProgramInstance(ProgramVariantFactory.java:143) - Total ModPoint created: 24
[INFO ] fr.inria.astor.core.solutionsearch.population.ProgramVariantFactory.createInitialPopulation(ProgramVariantFactory.java:82) - Creating program variant #1, [Variant id: 1, #gens: 24, #ops: 0, parent:-]
[INFO ] fr.inria.astor.core.solutionsearch.AstorCoreEngine.setFitnessOfPopulation(AstorCoreEngine.java:754) - The original fitness is : 1.0
[INFO ] fr.inria.astor.core.setup.ConfigurationProperties.print(ConfigurationProperties.java:66) - ----------------------------
[INFO ] fr.inria.astor.core.setup.ConfigurationProperties.print(ConfigurationProperties.java:67) - ---Configuration properties:---Execution values
[INFO ] fr.inria.astor.core.setup.ConfigurationProperties.print(ConfigurationProperties.java:69) - p:lastJUnitVersion= ./examples/libs/junit-4.11.jar
[INFO ] fr.inria.astor.core.setup.ConfigurationProperties.print(ConfigurationProperties.java:69) - p:alternativecompliancelevel= 8
[INFO ] fr.inria.astor.core.setup.ConfigurationProperties.print(ConfigurationProperties.java:69) - p:ignoredTestCases=
[INFO ] fr.inria.astor.core.setup.ConfigurationProperties.print(ConfigurationProperties.java:69) - p:workingDirectory= /script/jGenProg_Defects4J_Math_8/./output_astor
[INFO ] fr.inria.astor.core.setup.ConfigurationProperties.print(ConfigurationProperties.java:69) - p:manipulatesuper= false
[INFO ] fr.inria.astor.core.setup.ConfigurationProperties.print(ConfigurationProperties.java:69) - p:validation= process
[INFO ] fr.inria.astor.core.setup.ConfigurationProperties.print(ConfigurationProperties.java:69) - p:jvm4testexecution= /usr/lib/jvm/java-1.7.0-openjdk-amd64/bin/
[INFO ] fr.inria.astor.core.setup.ConfigurationProperties.print(ConfigurationProperties.java:69) - p:operatorspace= irr-statements
[INFO ] fr.inria.astor.core.setup.ConfigurationProperties.print(ConfigurationProperties.java:69) - p:disablelog= false
[INFO ] fr.inria.astor.core.setup.ConfigurationProperties.print(ConfigurationProperties.java:69) - p:binjavafolder= target/classes/
[INFO ] fr.inria.astor.core.setup.ConfigurationProperties.print(ConfigurationProperties.java:69) - p:synthesis_depth= 3
[INFO ] fr.inria.astor.core.setup.ConfigurationProperties.print(ConfigurationProperties.java:69) - p:gzoltartestpackagetoexclude= junit.framework
[INFO ] fr.inria.astor.core.setup.ConfigurationProperties.print(ConfigurationProperties.java:69) - p:skipfitnessinitialpopulation= false
[INFO ] fr.inria.astor.core.setup.ConfigurationProperties.print(ConfigurationProperties.java:69) - p:evosuiteresultfolder= evosuite
[INFO ] fr.inria.astor.core.setup.ConfigurationProperties.print(ConfigurationProperties.java:69) - p:flthreshold= 0.1
[INFO ] fr.inria.astor.core.setup.ConfigurationProperties.print(ConfigurationProperties.java:69) - p:regressionforfaultlocalization= true
[INFO ] fr.inria.astor.core.setup.ConfigurationProperties.print(ConfigurationProperties.java:69) - p:collectonlyusedmethod= false
[INFO ] fr.inria.astor.core.setup.ConfigurationProperties.print(ConfigurationProperties.java:69) - p:preservelinenumbers= true
[INFO ] fr.inria.astor.core.setup.ConfigurationProperties.print(ConfigurationProperties.java:69) - p:tmax2= 9077820
[INFO ] fr.inria.astor.core.setup.ConfigurationProperties.print(ConfigurationProperties.java:69) - p:tmax1= 10000
[INFO ] fr.inria.astor.core.setup.ConfigurationProperties.print(ConfigurationProperties.java:69) - p:probagenmutation= false
[INFO ] fr.inria.astor.core.setup.ConfigurationProperties.print(ConfigurationProperties.java:69) - p:nomodificationconvergence= 100
[INFO ] fr.inria.astor.core.setup.ConfigurationProperties.print(ConfigurationProperties.java:69) - p:diff_type= relative
[INFO ] fr.inria.astor.core.setup.ConfigurationProperties.print(ConfigurationProperties.java:69) - p:targetelementprocessor= statements
[INFO ] fr.inria.astor.core.setup.ConfigurationProperties.print(ConfigurationProperties.java:69) - p:srctestfolder= src/test/java/
[INFO ] fr.inria.astor.core.setup.ConfigurationProperties.print(ConfigurationProperties.java:69) - p:forceExecuteRegression= false
[INFO ] fr.inria.astor.core.setup.ConfigurationProperties.print(ConfigurationProperties.java:69) - p:clusteringfilename= clustering.csv
[INFO ] fr.inria.astor.core.setup.ConfigurationProperties.print(ConfigurationProperties.java:69) - p:failing= org.apache.commons.math3.distribution.DiscreteRealDistributionTest
[INFO ] fr.inria.astor.core.setup.ConfigurationProperties.print(ConfigurationProperties.java:69) - p:logtestexecution= false
[INFO ] fr.inria.astor.core.setup.ConfigurationProperties.print(ConfigurationProperties.java:69) - p:evo_buggy_class= true
[INFO ] fr.inria.astor.core.setup.ConfigurationProperties.print(ConfigurationProperties.java:69) - p:numberExecutions= 1
[INFO ] fr.inria.astor.core.setup.ConfigurationProperties.print(ConfigurationProperties.java:69) - p:maxnumbersolutions= 1000000
[INFO ] fr.inria.astor.core.setup.ConfigurationProperties.print(ConfigurationProperties.java:69) - p:evo_affected_by_op= true
[INFO ] fr.inria.astor.core.setup.ConfigurationProperties.print(ConfigurationProperties.java:69) - p:population= 1
[INFO ] fr.inria.astor.core.setup.ConfigurationProperties.print(ConfigurationProperties.java:69) - p:considerzerovaluesusp= false
[INFO ] fr.inria.astor.core.setup.ConfigurationProperties.print(ConfigurationProperties.java:69) - p:maxCombinationVariableLimit= false
[INFO ] fr.inria.astor.core.setup.ConfigurationProperties.print(ConfigurationProperties.java:69) - p:loglevel= INFO
[INFO ] fr.inria.astor.core.setup.ConfigurationProperties.print(ConfigurationProperties.java:69) - p:savesolution= true
[INFO ] fr.inria.astor.core.setup.ConfigurationProperties.print(ConfigurationProperties.java:69) - p:javacompliancelevel= 5
[INFO ] fr.inria.astor.core.setup.ConfigurationProperties.print(ConfigurationProperties.java:69) - p:uniqueoptogen= false
[INFO ] fr.inria.astor.core.setup.ConfigurationProperties.print(ConfigurationProperties.java:69) - p:gzoltarpackagetonotinstrument= junit.framework
[INFO ] fr.inria.astor.core.setup.ConfigurationProperties.print(ConfigurationProperties.java:69) - p:projectIdentifier= Math-8
[INFO ] fr.inria.astor.core.setup.ConfigurationProperties.print(ConfigurationProperties.java:69) - p:modificationpointnavigation= weight
[INFO ] fr.inria.astor.core.setup.ConfigurationProperties.print(ConfigurationProperties.java:69) - p:stopfirst= true
[INFO ] fr.inria.astor.core.setup.ConfigurationProperties.print(ConfigurationProperties.java:69) - p:multipointmodification= false
[INFO ] fr.inria.astor.core.setup.ConfigurationProperties.print(ConfigurationProperties.java:69) - p:elementsToMutate= 10
[INFO ] fr.inria.astor.core.setup.ConfigurationProperties.print(ConfigurationProperties.java:69) - p:jsonoutputname= astor_output
[INFO ] fr.inria.astor.core.setup.ConfigurationProperties.print(ConfigurationProperties.java:69) - p:evoDSE= false
[INFO ] fr.inria.astor.core.setup.ConfigurationProperties.print(ConfigurationProperties.java:69) - p:bintestfolder= target/test-classes/
[INFO ] fr.inria.astor.core.setup.ConfigurationProperties.print(ConfigurationProperties.java:69) - p:testbystep= false
[INFO ] fr.inria.astor.core.setup.ConfigurationProperties.print(ConfigurationProperties.java:69) - p:version-location= ./math-version/
[INFO ] fr.inria.astor.core.setup.ConfigurationProperties.print(ConfigurationProperties.java:69) - p:reintroduce= PARENTS:ORIGINAL
[INFO ] fr.inria.astor.core.setup.ConfigurationProperties.print(ConfigurationProperties.java:69) - p:executorjar= ./lib/jtestex7.jar
[INFO ] fr.inria.astor.core.setup.ConfigurationProperties.print(ConfigurationProperties.java:69) - p:maxGeneration= 1000000
[INFO ] fr.inria.astor.core.setup.ConfigurationProperties.print(ConfigurationProperties.java:69) - p:max_synthesis_step= 10000
[INFO ] fr.inria.astor.core.setup.ConfigurationProperties.print(ConfigurationProperties.java:69) - p:projectinfocommand= com.github.tdurieux:project-config-maven-plugin:info
[INFO ] fr.inria.astor.core.setup.ConfigurationProperties.print(ConfigurationProperties.java:69) - p:maxVarCombination= 1000
[INFO ] fr.inria.astor.core.setup.ConfigurationProperties.print(ConfigurationProperties.java:69) - p:maxtime= 120
[INFO ] fr.inria.astor.core.setup.ConfigurationProperties.print(ConfigurationProperties.java:69) - p:evosuitejar= ./lib/evosuite-master-1.0.4-SNAPSHOT.jar
[INFO ] fr.inria.astor.core.setup.ConfigurationProperties.print(ConfigurationProperties.java:69) - p:jvmversion= 1.7.0_181
[INFO ] fr.inria.astor.core.setup.ConfigurationProperties.print(ConfigurationProperties.java:69) - p:commandTrunk= 50000
[INFO ] fr.inria.astor.core.setup.ConfigurationProperties.print(ConfigurationProperties.java:69) - p:faultlocalization= gzoltar
[INFO ] fr.inria.astor.core.setup.ConfigurationProperties.print(ConfigurationProperties.java:69) - p:resetmodel= true
[INFO ] fr.inria.astor.core.setup.ConfigurationProperties.print(ConfigurationProperties.java:69) - p:maxsuspcandidates= 1000
[INFO ] fr.inria.astor.core.setup.ConfigurationProperties.print(ConfigurationProperties.java:69) - p:mode= leven
[INFO ] fr.inria.astor.core.setup.ConfigurationProperties.print(ConfigurationProperties.java:69) - p:learningdir=
[INFO ] fr.inria.astor.core.setup.ConfigurationProperties.print(ConfigurationProperties.java:69) - p:jvm4evosuitetestexecution= /usr/lib/jvm/java-1.7.0-openjdk-amd64/bin/
[INFO ] fr.inria.astor.core.setup.ConfigurationProperties.print(ConfigurationProperties.java:69) - p:filterfaultlocalization= true
[INFO ] fr.inria.astor.core.setup.ConfigurationProperties.print(ConfigurationProperties.java:69) - p:mutationrate= 1
[INFO ] fr.inria.astor.core.setup.ConfigurationProperties.print(ConfigurationProperties.java:69) - p:pathToMVNRepository=
[INFO ] fr.inria.astor.core.setup.ConfigurationProperties.print(ConfigurationProperties.java:69) - p:resourcesfolder= /src/main/resources:/src/test/resources:
[INFO ] fr.inria.astor.core.setup.ConfigurationProperties.print(ConfigurationProperties.java:69) - p:timezone= America/Los_Angeles
[INFO ] fr.inria.astor.core.setup.ConfigurationProperties.print(ConfigurationProperties.java:69) - p:runjava7code= false
[INFO ] fr.inria.astor.core.setup.ConfigurationProperties.print(ConfigurationProperties.java:69) - p:evoRunOnBuggyClass= true
[INFO ] fr.inria.astor.core.setup.ConfigurationProperties.print(ConfigurationProperties.java:69) - p:compiler= fr.inria.astor.core.manipulation.bytecode.compiler.SpoonClassCompiler
[INFO ] fr.inria.astor.core.setup.ConfigurationProperties.print(ConfigurationProperties.java:69) - p:limitbysuspicious= true
[INFO ] fr.inria.astor.core.setup.ConfigurationProperties.print(ConfigurationProperties.java:69) - p:logsattemps= true
[INFO ] fr.inria.astor.core.setup.ConfigurationProperties.print(ConfigurationProperties.java:69) - p:dependenciespath= /script/jGenProg_Defects4J_Math_8/target/classes/:/script/jGenProg_Defects4J_Math_8/target/test-classes/:/defects4j/framework/projects/lib/junit-4.11.jar
[INFO ] fr.inria.astor.core.setup.ConfigurationProperties.print(ConfigurationProperties.java:69) - p:logpatternlayout= [%-5p] %l - %m%n
[INFO ] fr.inria.astor.core.setup.ConfigurationProperties.print(ConfigurationProperties.java:69) - p:packageToInstrument=
[INFO ] fr.inria.astor.core.setup.ConfigurationProperties.print(ConfigurationProperties.java:69) - p:skipfaultlocalization= false
[INFO ] fr.inria.astor.core.setup.ConfigurationProperties.print(ConfigurationProperties.java:69) - p:scope= local
[INFO ] fr.inria.astor.core.setup.ConfigurationProperties.print(ConfigurationProperties.java:69) - p:transformingredient= false
[INFO ] fr.inria.astor.core.setup.ConfigurationProperties.print(ConfigurationProperties.java:69) - p:fitnessfunction= fr.inria.astor.core.solutionsearch.population.TestCaseFitnessFunction
[INFO ] fr.inria.astor.core.setup.ConfigurationProperties.print(ConfigurationProperties.java:69) - p:maxnumvariablesperingredient= 10
[INFO ] fr.inria.astor.core.setup.ConfigurationProperties.print(ConfigurationProperties.java:69) - p:parsesourcefromoriginal= true
[INFO ] fr.inria.astor.core.setup.ConfigurationProperties.print(ConfigurationProperties.java:69) - p:pvariantfoldername= variant-
[INFO ] fr.inria.astor.core.setup.ConfigurationProperties.print(ConfigurationProperties.java:69) - p:savespoonmodelondisk= false
[INFO ] fr.inria.astor.core.setup.ConfigurationProperties.print(ConfigurationProperties.java:69) - p:srcjavafolder= src/main/java/
[INFO ] fr.inria.astor.core.setup.ConfigurationProperties.print(ConfigurationProperties.java:69) - p:populationcontroller= fr.inria.astor.core.solutionsearch.population.TestCaseBasedFitnessPopulationController
[INFO ] fr.inria.astor.core.setup.ConfigurationProperties.print(ConfigurationProperties.java:69) - p:ignoreflakyinfl= false
[INFO ] fr.inria.astor.core.setup.ConfigurationProperties.print(ConfigurationProperties.java:69) - p:cleantemplates= true
[INFO ] fr.inria.astor.core.setup.ConfigurationProperties.print(ConfigurationProperties.java:69) - p:applyCrossover= false
[INFO ] fr.inria.astor.core.setup.ConfigurationProperties.print(ConfigurationProperties.java:69) - p:maxmodificationpoints= 1000
[INFO ] fr.inria.astor.core.setup.ConfigurationProperties.print(ConfigurationProperties.java:69) - p:duplicateingredientsinspace= false
[INFO ] fr.inria.astor.core.setup.ConfigurationProperties.print(ConfigurationProperties.java:69) - p:metid= 0
[INFO ] fr.inria.astor.core.setup.ConfigurationProperties.print(ConfigurationProperties.java:69) - p:saveall= false
[INFO ] fr.inria.astor.core.setup.ConfigurationProperties.print(ConfigurationProperties.java:69) - p:seed= 0
[INFO ] fr.inria.astor.core.setup.ConfigurationProperties.print(ConfigurationProperties.java:69) - p:savecompletepatched= true
[INFO ] fr.inria.astor.core.setup.ConfigurationProperties.print(ConfigurationProperties.java:69) - p:resetoperations= false
[INFO ] fr.inria.astor.core.setup.ConfigurationProperties.print(ConfigurationProperties.java:69) - p:processoutputinfile= false
[INFO ] fr.inria.astor.core.setup.ConfigurationProperties.print(ConfigurationProperties.java:69) - p:location= .
[INFO ] fr.inria.astor.core.setup.ConfigurationProperties.print(ConfigurationProperties.java:69) - p:probabilistictransformation= true
[INFO ] fr.inria.astor.core.setup.ConfigurationProperties.print(ConfigurationProperties.java:69) - p:overridemaxtime= true
[INFO ] fr.inria.astor.core.setup.ConfigurationProperties.print(ConfigurationProperties.java:69) - p:outputjsonresult= false
[INFO ] fr.inria.astor.core.setup.ConfigurationProperties.print(ConfigurationProperties.java:69) - p:allpoints= false
[INFO ] fr.inria.astor.core.setup.ConfigurationProperties.print(ConfigurationProperties.java:69) - p:autocompile= true
[INFO ] fr.inria.astor.core.setup.ConfigurationProperties.print(ConfigurationProperties.java:69) - p:bugId= 280
[INFO ] fr.inria.astor.core.setup.ConfigurationProperties.print(ConfigurationProperties.java:69) - p:evosuitetimeout= 120
[INFO ] fr.inria.astor.core.setup.ConfigurationProperties.print(ConfigurationProperties.java:69) - p:maxtimefactor= 10
[INFO ] fr.inria.astor.core.setup.ConfigurationProperties.print(ConfigurationProperties.java:69) - p:nrPlaceholders= 1
[INFO ] fr.inria.astor.core.setup.ConfigurationProperties.print(ConfigurationProperties.java:69) - p:forcesubprocesskilling= true
[INFO ] fr.inria.astor.core.setup.ConfigurationProperties.print(ConfigurationProperties.java:71) - ----------------------------
[INFO ] fr.inria.astor.core.solutionsearch.EvolutionarySearchEngine.startEvolution(EvolutionarySearchEngine.java:40) -
----Starting Solution Search
[INFO ] fr.inria.astor.core.solutionsearch.AstorCoreEngine.processCreatedVariant(AstorCoreEngine.java:449) - -Found Solution, child variant #2
[ERROR] fr.inria.astor.core.solutionsearch.AstorCoreEngine.validateReversedOriginalVariant(AstorCoreEngine.java:359) - Error variant :2 the model was not the same from the original after this generation (see Diff in debug level)
[INFO ] fr.inria.astor.core.solutionsearch.AstorCoreEngine.atEnd(AstorCoreEngine.java:170) - Time Repair Loop (s): 358.942
[INFO ] fr.inria.astor.core.solutionsearch.AstorCoreEngine.atEnd(AstorCoreEngine.java:172) - generationsexecuted: 1
[INFO ] fr.inria.astor.core.solutionsearch.AstorCoreEngine.printFinalStatus(AstorCoreEngine.java:247) -
----SUMMARY_EXECUTION---
[INFO ] fr.inria.astor.core.solutionsearch.AstorCoreEngine.atEnd(AstorCoreEngine.java:186) -
 --SOLUTIONS DESCRIPTION--

 ----
ProgramVariant 2

time(sec)= 358
operation: RemoveOp
location= org.apache.commons.math3.distribution.DiscreteDistribution
line= 189
lineSuspiciousness= 0.707
lineSuspiciousness= 2
original statement= for (int i = 0; i < sampleSize; i++) {
	out[i] = sample();
}
buggy kind= CtForImpl|CtBlockImpl
fixed statement=
generation= 1
ingredientScope= -
validation=|true|0|4850|[]|
diffpatch=--- /script/jGenProg_Defects4J_Math_8/src/main/java/org/apache/commons/math3/distribution/DiscreteDistributionjava
+++ /script/jGenProg_Defects4J_Math_8/src/main/java/org/apache/commons/math3/distribution/DiscreteDistributionjava
@@ -66,9 +66,6 @@
 			throw new org.apache.commons.math3.exception.NotStrictlyPositiveException(org.apache.commons.math3.exception.util.LocalizedFormats.NUMBER_OF_SAMPLES, sampleSize);
 		}
 		final T[] out = ((T[]) (java.lang.reflect.Array.newInstance(singletons.get(0).getClass(), sampleSize)));
-		for (int i = 0; i < sampleSize; i++) {
-			out[i] = sample();
-		}
 		return out;
 	}
 }


diffpatchoriginal=--- /script/jGenProg_Defects4J_Math_8/src/main/java/org/apache/commons/math3/distribution/DiscreteDistributionjava
+++ /script/jGenProg_Defects4J_Math_8/src/main/java/org/apache/commons/math3/distribution/DiscreteDistributionjava
@@ -186,9 +186,9 @@

 		final T[] out = ((T[]) (java.lang.reflect.Array.newInstance(singletons.get(0).getClass(), sampleSize)));

-		for (int i = 0; i < sampleSize; i++) {
-			out[i] = sample();
-		}
+
+
+

 		return out;




Astor Output:

General stats:
EXECUTION_IDENTIFIER=Math-8
TOTAL_TIME=358.942
NR_GENERATIONS=1
NR_RIGHT_COMPILATIONS=1
NR_FAILLING_COMPILATIONS=null
NR_ERRONEOUS_VARIANCES=null
NR_FAILING_VALIDATION_PROCESS=null
OUTPUT_STATUS=STOP_BY_PATCH_FOUND

Patch stats:

Patch 1
VARIANT_ID=2
TIME=358
VALIDATION=|true|0|4850|[]|
GENERATION=1
FOLDER_SOLUTION_CODE=/script/jGenProg_Defects4J_Math_8/./output_astor/AstorMain-Math-8//src//variant-2
--Patch Hunk #1
OPERATOR=RemoveOp

LOCATION=org.apache.commons.math3.distribution.DiscreteDistribution

PATH=/script/jGenProg_Defects4J_Math_8/src/main/java/org/apache/commons/math3/distribution/DiscreteDistribution.java

MODIFIED_FILE_PATH=/script/jGenProg_Defects4J_Math_8/./output_astor/AstorMain-Math-8//src//variant-2/org/apache/commons/math3/distribution/DiscreteDistribution.java

LINE=189

SUSPICIOUNESS=0.707

MP_RANKING=2

ORIGINAL_CODE=for (int i = 0; i < sampleSize; i++) {
	out[i] = sample();
}

BUGGY_CODE_TYPE=CtForImpl|CtBlockImpl

PATCH_HUNK_CODE=null

PATCH_HUNK_TYPE=null

INGREDIENT_SCOPE=-

INGREDIENT_PARENT=null

PATCH_DIFF_ORIG=--- /script/jGenProg_Defects4J_Math_8/src/main/java/org/apache/commons/math3/distribution/DiscreteDistributionjava
+++ /script/jGenProg_Defects4J_Math_8/src/main/java/org/apache/commons/math3/distribution/DiscreteDistributionjava
@@ -186,9 +186,9 @@

 		final T[] out = ((T[]) (java.lang.reflect.Array.newInstance(singletons.get(0).getClass(), sampleSize)));

-		for (int i = 0; i < sampleSize; i++) {
-			out[i] = sample();
-		}
+
+
+

 		return out;




[INFO ] fr.inria.main.evolution.AstorMain.run(AstorMain.java:212) - Time Total(s): 1745.668


Node: 492977ea5d24



Date: Mon Sep  9 04:10:19 EDT 2019

cd /script/jGenProg_Defects4J_Math_8;
export JAVA_TOOL_OPTIONS="-Dfile.encoding=UTF8 -Duser.language=en-US -Duser.country=US -Duser.language=en";
TZ="America/New_York"; export TZ;
export PATH="/usr/lib/jvm/java-1.8.0-openjdk-amd64/bin/:$PATH";
export JAVA_HOME="/usr/lib/jvm/java-1.8.0-openjdk-amd64/bin/";
java -Xmx4048m -cp /script/libs/jtestex7.jar:/astor/target/astor-0.0.2-SNAPSHOT-jar-with-dependencies.jar fr.inria.main.evolution.AstorMain \
	-mode jgenprog \
	-location . \
	-id Math-8 \
	-failing org.apache.commons.math3.distribution.DiscreteRealDistributionTest \
	-jvm4testexecution /usr/lib/jvm/java-1.7.0-openjdk-amd64/bin/ \
	-jvm4evosuitetestexecution /usr/lib/jvm/java-1.7.0-openjdk-amd64/bin/ \
	-maxgen 1000000 \
	-maxtime 120 \
	-stopfirst true \
	-seed 0 \
	-scope local \
	-population 1 \
	-javacompliancelevel 5 \
	-srcjavafolder src/main/java/ \
	-srctestfolder src/test/java/ \
	-binjavafolder target/classes/ \
	-bintestfolder target/test-classes/ \
	-parameters mode:leven:autocompile:true \
	-dependencies /script/jGenProg_Defects4J_Math_8/target/classes/:/script/jGenProg_Defects4J_Math_8/target/test-classes/:/defects4j/framework/projects/lib/junit-4.11.jar;
	echo "\n\nNode: `hostname`\n";
	echo "\n\nDate: `date`\n";
